
=== canon run 2026-08-11 23:15 ===
stage 1-2: load + hygiene + normalise
  2,064 episodes, 181,561 mentions, 56,457 raw distinct concepts, 60 hygiene fixes
stage 3: plural / hyphen / spacing variants
  672 deterministic variant pairs
stage 7: acronym recall
  419 acronym pairs, 3601 homonym expansions rejected
stage 4: embeddings
  embedded 1,000/56,457
  embedded 11,000/56,457
  embedded 21,000/56,457
  embedded 31,000/56,457
  embedded 41,000/56,457
  embedded 51,000/56,457
  56,457 vectors in 124s
  cosine 1,024/56,457 -> 1,188 candidates
  cosine 9,216/56,457 -> 7,764 candidates
  cosine 17,408/56,457 -> 13,611 candidates
  cosine 25,600/56,457 -> 20,543 candidates
  cosine 33,792/56,457 -> 25,928 candidates
  cosine 41,984/56,457 -> 31,113 candidates
  cosine 50,176/56,457 -> 37,760 candidates
  40,659 candidate pairs at cosine >= 0.8
stage 5-6: rules
  210 rule auto-merge, 21,031 rule reject, 19,337 to adjudicate
stage 8: adjudication
  adjudicated 60/19,337
  adjudicated 1,560/19,337
  adjudicated 3,060/19,337
  adjudicated 4,560/19,337
  adjudicated 6,060/19,337
  adjudicated 7,560/19,337
  adjudicated 9,060/19,337
  adjudicated 10,560/19,337
  adjudicated 12,060/19,337
  adjudicated 13,560/19,337
  adjudicated 15,060/19,337
  adjudicated 16,560/19,337
  adjudicated 18,060/19,337
  judge tokens in 591,461 out 478,185 -> $0.69
  {'SAME': 2820, 'DISTINCT': 10312, 'BROADER': 6205}
merge + emit
DONE: 56,457 -> 53,087 canonical (6.0% compression), $0.69, 4252s
